// Jest Snapshot v1, https://goo.gl/fbAQLP

exports[`<DatePicker /> renders correctly 1`] = `
<input
  className="css-119ltm9"
  fontFamily="body"
  fontSize={0}
  fontWeight="body"
  onChange={[Function]}
  type="date"
  value=""
  width="100%"
/>
`;
