// Jest Snapshot v1, https://goo.gl/fbAQLP

exports[`<DropdownOption withProps /> renders  with all props correctly 1`] = `
<option
  className="css-1omk0he"
  disabled={true}
  display="Option"
  fontFamily=""
  fontSize={3}
  fontWeight={2}
  value="Option"
/>
`;

exports[`<DropdropOption /> renders correctly 1`] = `
<option
  className="css-viiq2s"
  fontFamily="body"
  fontSize={0}
  fontWeight="body"
  value=""
/>
`;
