// Jest Snapshot v1, https://goo.gl/fbAQLP

exports[`<Input /> renders correctly 1`] = `
<input
  className="css-119ltm9"
  fontFamily="body"
  fontSize={0}
  fontWeight="body"
  onChange={[Function]}
  onChangeText={[Function]}
  width="100%"
/>
`;

exports[`<Input /> renders correctly 2`] = `
<input
  className="css-azsq89"
  color="black"
  fontFamily="body"
  fontSize={16}
  fontWeight={2}
  height={90}
  onChange={[Function]}
  onChangeText={[Function]}
  width={600}
/>
`;
