// Jest Snapshot v1, https://goo.gl/fbAQLP

exports[`<Item /> renders correctly 1`] = `
<div
  className="css-0"
  onClick={[Function]}
/>
`;
